* using log directory '/tmp/repo/dynamicmultiplex.Rcheck'
* using R version 4.3.3 (2024-02-29)
* using platform: x86_64-pc-linux-gnu (64-bit)
* R was compiled by
    gcc (Ubuntu 13.2.0-23ubuntu3) 13.2.0
    GNU Fortran (Ubuntu 13.2.0-23ubuntu3) 13.2.0
* running under: Ubuntu 24.04.4 LTS
* using session charset: ASCII
* using options '--no-manual --as-cran'
* checking for file 'dynamicmultiplex/DESCRIPTION' ... OK
* this is package 'dynamicmultiplex' version '1.0.0'
* package encoding: UTF-8
* checking CRAN incoming feasibility ... [4s/24s] NOTE
Maintainer: 'Jared Edgerton <jared.edgerton@gmail.com>'

New submission

Found the following (possibly) invalid URLs:
  URL: https://github.com/jfedgerton/dynamic_multiplex
    From: DESCRIPTION
    Status: 403
    Message: Forbidden
  URL: https://github.com/jfedgerton/dynamic_multiplex/issues
    From: DESCRIPTION
    Status: 403
    Message: Forbidden
* checking package namespace information ... OK
* checking package dependencies ... NOTE
Packages suggested but not available for checking:
  'ggalluvial', 'peacesciencer'
* checking if this is a source package ... OK
* checking if there is a namespace ... OK
* checking for executable files ... OK
* checking for hidden files and directories ... OK
* checking for portable file names ... OK
* checking for sufficient/correct file permissions ... OK
* checking whether package 'dynamicmultiplex' can be installed ... OK
* checking installed package size ... OK
* checking package directory ... OK
* checking for future file timestamps ... NOTE
unable to verify current time
* checking DESCRIPTION meta-information ... OK
* checking top-level files ... OK
* checking for left-over files ... OK
* checking index information ... OK
* checking package subdirectories ... OK
* checking R files for non-ASCII characters ... OK
* checking R files for syntax errors ... WARNING
Warning in Sys.setlocale("LC_CTYPE", "en_US.UTF-8") :
  OS reports request to set locale to "en_US.UTF-8" cannot be honored
* checking whether the package can be loaded ... OK
* checking whether the package can be loaded with stated dependencies ... OK
* checking whether the package can be unloaded cleanly ... OK
* checking whether the namespace can be loaded with stated dependencies ... OK
* checking whether the namespace can be unloaded cleanly ... OK
* checking loading without being on the library search path ... OK
* checking use of S3 registration ... OK
* checking dependencies in R code ... OK
* checking S3 generic/method consistency ... OK
* checking replacement functions ... OK
* checking foreign function calls ... OK
* checking R code for possible problems ... OK
* checking Rd files ... OK
* checking Rd metadata ... OK
* checking Rd line widths ... OK
* checking Rd cross-references ... OK
* checking for missing documentation entries ... OK
* checking for code/documentation mismatches ... OK
* checking Rd \usage sections ... OK
* checking Rd contents ... OK
* checking for unstated dependencies in examples ... OK
* checking examples ... OK
* checking for unstated dependencies in 'tests' ... OK
* checking tests ... OK
  Running 'testthat.R'
* checking for non-standard things in the check directory ... OK
* checking for detritus in the temp directory ... OK
* DONE
Status: 1 WARNING, 3 NOTEs
